============================================================
  Generated by:           Genus(TM) Synthesis Solution 18.14-s037_1
  Generated on:           May 18 2026  11:05:00 am
  Module:                 float16_multiplier
  Operating conditions:   typical 
  Interconnect mode:      global
  Area mode:              physical library
============================================================

                               
   Gate    Instances    Area            Library          
---------------------------------------------------------
AND2_X1           21    22.344    NangateOpenCellLibrary 
AND2_X2            9    11.970    NangateOpenCellLibrary 
AND2_X4            3     7.182    NangateOpenCellLibrary 
AND3_X1            3     3.990    NangateOpenCellLibrary 
AND3_X2            4     6.384    NangateOpenCellLibrary 
AND4_X1            2     3.192    NangateOpenCellLibrary 
AND4_X4            1     3.458    NangateOpenCellLibrary 
AOI211_X1          1     1.330    NangateOpenCellLibrary 
AOI21_X1          32    34.048    NangateOpenCellLibrary 
AOI21_X2           5     9.310    NangateOpenCellLibrary 
AOI221_X1          5     7.980    NangateOpenCellLibrary 
AOI22_X1          45    59.850    NangateOpenCellLibrary 
BUF_X16            1     6.650    NangateOpenCellLibrary 
BUF_X2             2     2.128    NangateOpenCellLibrary 
BUF_X4             4     7.448    NangateOpenCellLibrary 
CLKBUF_X1          4     3.192    NangateOpenCellLibrary 
CLKBUF_X2          1     1.064    NangateOpenCellLibrary 
FA_X1             45   191.520    NangateOpenCellLibrary 
HA_X1             18    47.880    NangateOpenCellLibrary 
INV_X1           190   101.080    NangateOpenCellLibrary 
INV_X2            14    11.172    NangateOpenCellLibrary 
INV_X4             6     7.980    NangateOpenCellLibrary 
INV_X8             5    11.970    NangateOpenCellLibrary 
MUX2_X1           24    44.688    NangateOpenCellLibrary 
MUX2_X2            1     2.394    NangateOpenCellLibrary 
NAND2_X1         147   117.306    NangateOpenCellLibrary 
NAND2_X2          16    21.280    NangateOpenCellLibrary 
NAND2_X4          10    23.940    NangateOpenCellLibrary 
NAND3_X1           8     8.512    NangateOpenCellLibrary 
NAND3_X4           1     3.458    NangateOpenCellLibrary 
NAND4_X1           2     2.660    NangateOpenCellLibrary 
NAND4_X2           1     2.394    NangateOpenCellLibrary 
NAND4_X4           1     4.788    NangateOpenCellLibrary 
NOR2_X1           76    60.648    NangateOpenCellLibrary 
NOR2_X2           11    14.630    NangateOpenCellLibrary 
NOR2_X4            6    14.364    NangateOpenCellLibrary 
NOR3_X1            4     4.256    NangateOpenCellLibrary 
NOR3_X2            1     1.862    NangateOpenCellLibrary 
NOR4_X1            2     2.660    NangateOpenCellLibrary 
OAI211_X1          1     1.330    NangateOpenCellLibrary 
OAI21_X1          57    60.648    NangateOpenCellLibrary 
OAI21_X2           5     9.310    NangateOpenCellLibrary 
OAI221_X1          1     1.596    NangateOpenCellLibrary 
OAI22_X1          73    97.090    NangateOpenCellLibrary 
OR2_X1            18    19.152    NangateOpenCellLibrary 
OR2_X2             3     3.990    NangateOpenCellLibrary 
OR4_X1             4     6.384    NangateOpenCellLibrary 
XNOR2_X1          69   110.124    NangateOpenCellLibrary 
XNOR2_X2           7    18.620    NangateOpenCellLibrary 
XOR2_X1           28    44.688    NangateOpenCellLibrary 
---------------------------------------------------------
total            998  1265.894                           


                                         
     Type      Instances   Area   Area % 
-----------------------------------------
inverter             215  132.202   10.4 
buffer                12   20.482    1.6 
logic                771 1113.210   87.9 
physical_cells         0    0.000    0.0 
-----------------------------------------
total                998 1265.894  100.0 

