============================================================
  Generated by:           Genus(TM) Synthesis Solution 18.14-s037_1
  Generated on:           May 18 2026  11:05:00 am
  Module:                 float16_multiplier
  Operating conditions:   typical 
  Interconnect mode:      global
  Area mode:              physical library
============================================================


Path 1: MET (0 ps) Path Delay Check
     Startpoint: (F) float_b_i[9]
       Endpoint: (F) float_product_o[0]

                   Capture    Launch  
      Path Delay:+    2000         -  
      Drv Adjust:+       0         0  
         Arrival:=    2000            
                                      
   Required Time:=    2000            
       Data Path:-    2000            
           Slack:=       0            

Exceptions/Constraints:
  max_delay             2000            del_1 

#----------------------------------------------------------------------------------------------------------------
#          Timing Point           Flags    Arc   Edge   Cell     Fanout Load Trans Delay Arrival Module Instance 
#                                                                       (fF)  (ps)  (ps)   (ps)         Location 
#----------------------------------------------------------------------------------------------------------------
  float_b_i[9]                    -       -      F     (arrival)      1  3.3   100     0       0 -         (-,-) 
  g4091/Z                         -       A->Z   F     BUF_X4         7 22.6    12    63      63 -         (-,-) 
  mul_71_50_g3206/ZN              -       A->ZN  R     INV_X8        13 33.6    13    22      85 -         (-,-) 
  mul_71_50_g3120__1840/ZN        -       A2->ZN F     NAND2_X2       1  3.0     9    14      99 -         (-,-) 
  mul_71_50_g3048__4296/ZN        -       A1->ZN R     NOR2_X2        1  7.0    24    32     131 -         (-,-) 
  mul_71_50_g3040__8780/ZN        -       A2->ZN F     NOR2_X4       10 16.8    14    18     149 -         (-,-) 
  mul_71_50_g2932__5795/ZN        -       A1->ZN R     OAI22_X1       1  3.1    37    36     185 -         (-,-) 
  mul_71_50_cdnfadd_010_0__1474/S -       CI->S  F     FA_X1          1  3.0    16   102     287 -         (-,-) 
  mul_71_50_cdnfadd_010_2__9682/S -       CI->S  R     FA_X1          1  3.1    14   116     403 -         (-,-) 
  mul_71_50_cdnfadd_010_3__2683/S -       CI->S  F     FA_X1          2  3.4    17    95     498 -         (-,-) 
  mul_71_50_g3210__6083/ZN        -       A1->ZN F     OR2_X2         4  7.5    11    50     548 -         (-,-) 
  mul_71_50_g2814__1857/ZN        -       A2->ZN F     AND3_X1        1  5.9    11    42     590 -         (-,-) 
  mul_71_50_g2809__1840/ZN        -       A1->ZN R     NOR2_X4        1  6.3    15    23     613 -         (-,-) 
  mul_71_50_g2802__5266/ZN        -       A1->ZN F     NAND2_X4       4  8.7     9    16     628 -         (-,-) 
  mul_71_50_g2776__9906/ZN        -       A1->ZN R     NAND2_X2       1  6.5    13    19     647 -         (-,-) 
  mul_71_50_g2770__2703/ZN        -       A2->ZN F     NAND2_X4       5 11.5     9    17     664 -         (-,-) 
  mul_71_50_g2769__6083/ZN        -       A1->ZN R     NAND2_X2       2  3.7    10    15     680 -         (-,-) 
  mul_71_50_g2762__8757/ZN        -       A1->ZN F     NAND2_X1       1  1.8     9    13     692 -         (-,-) 
  mul_71_50_g2761__7118/ZN        -       A1->ZN R     NAND2_X1       1  1.9    10    15     708 -         (-,-) 
  mul_71_50_g2756__1309/ZN        -       A1->ZN F     NAND2_X1       2  3.6    10    17     724 -         (-,-) 
  g10683__1857/ZN                 -       A2->ZN R     NOR2_X1        1  1.9    17    30     754 -         (-,-) 
  g10676__2250/ZN                 -       A1->ZN F     NAND2_X1       1  5.9    14    24     778 -         (-,-) 
  g10675__5266/ZN                 -       A1->ZN R     NOR2_X4        5  9.5    19    29     807 -         (-,-) 
  g10659__2683/ZN                 -       A1->ZN R     AND3_X2        4 12.1    19    55     862 -         (-,-) 
  g10651__8780/ZN                 -       A1->ZN F     NAND3_X4       8 18.9    19    31     893 -         (-,-) 
  g10642__2703/ZN                 -       A1->ZN R     NOR2_X4        3  7.0    16    28     921 -         (-,-) 
  g10631__7675/ZN                 -       A1->ZN R     AND4_X4        6 14.1    16    55     975 -         (-,-) 
  g10624__9682/ZN                 -       A1->ZN F     NAND4_X4       6 12.6    22    31    1006 -         (-,-) 
  g10621__1474/ZN                 -       A1->ZN R     NOR2_X2        3  7.2    25    39    1045 -         (-,-) 
  g10613__1857/ZN                 -       A1->ZN F     NAND2_X2       4  8.1    13    23    1068 -         (-,-) 
  g10607/ZN                       -       A->ZN  R     INV_X1         2  3.7    12    20    1088 -         (-,-) 
  g10585__9682/ZN                 -       A1->ZN F     NAND2_X1       4 12.2    26    36    1124 -         (-,-) 
  g10575__5019/ZN                 -       A1->ZN R     NAND2_X2      10 23.1    32    47    1171 -         (-,-) 
  g10571/ZN                       -       A->ZN  F     INV_X2        15 26.4    19    32    1202 -         (-,-) 
  g10740/Z                        -       B->Z   F     MUX2_X2        4  7.9    13    66    1268 -         (-,-) 
  g10464__2683/ZN                 -       A1->ZN R     NOR2_X2        3  5.7    21    31    1299 -         (-,-) 
  g10461/ZN                       -       A->ZN  F     INV_X1         1  1.8     7    10    1308 -         (-,-) 
  g10457__1474/ZN                 -       A1->ZN R     NAND2_X1       3  6.2    20    24    1332 -         (-,-) 
  g10454/ZN                       -       A->ZN  F     INV_X1         1  3.2     8    12    1345 -         (-,-) 
  g10433__7675/ZN                 -       A1->ZN R     NAND2_X2       1  6.3    13    18    1363 -         (-,-) 
  g10429__2900/ZN                 -       A1->ZN F     NAND2_X4      15 27.1    16    25    1388 -         (-,-) 
  g10401__7114/ZN                 -       A1->ZN R     NOR2_X1        1  1.9    17    27    1415 -         (-,-) 
  g10352__2683/ZN                 -       A1->ZN F     NAND2_X1       1  1.9     9    16    1430 -         (-,-) 
  g10339__5795/ZN                 -       A2->ZN R     NOR2_X1        1  2.0    17    30    1460 -         (-,-) 
  g10312__4296/ZN                 -       A2->ZN F     NAND2_X1       1  1.9    11    16    1476 -         (-,-) 
  g10308__9906/ZN                 -       A1->ZN F     AND2_X2       21 35.0    21    51    1527 -         (-,-) 
  g10302/ZN                       -       A->ZN  R     INV_X1         8 16.9    41    56    1583 -         (-,-) 
  g10284__6877/ZN                 -       A2->ZN R     AND2_X4       21 38.4    26    58    1641 -         (-,-) 
  g10265__2250/ZN                 -       A2->ZN F     AOI22_X1       2  2.9    21    22    1662 -         (-,-) 
  g10251__2683/ZN                 -       A3->ZN F     AND4_X1        1  5.9    11    51    1714 -         (-,-) 
  g10250__9682/ZN                 -       A1->ZN R     NOR2_X4       12 24.0    36    46    1760 -         (-,-) 
  g10231__5703/ZN                 -       A1->ZN R     AND2_X1        3  4.1    14    46    1806 -         (-,-) 
  g10225__7675/ZN                 -       A1->ZN R     AND2_X1        1  1.9     9    33    1838 -         (-,-) 
  g10187__4547/ZN                 -       A->ZN  F     AOI21_X1       2  3.6    17    15    1853 -         (-,-) 
  g10183__4296/ZN                 -       A2->ZN R     NOR2_X1        1  3.2    22    39    1892 -         (-,-) 
  g10179__5019/ZN                 -       A1->ZN F     NAND4_X2       1  6.0    22    34    1926 -         (-,-) 
  g10178__1840/ZN                 -       A1->ZN R     NAND2_X4      11 22.3    18    30    1956 -         (-,-) 
  g10177/ZN                       -       A->ZN  F     INV_X1         2  3.6     8    13    1970 -         (-,-) 
  g10176__7344/ZN                 -       A1->ZN R     NAND2_X1       1  1.9    10    14    1984 -         (-,-) 
  g10159__2683/ZN                 -       A2->ZN F     NAND3_X1       1  0.4    17    16    2000 -         (-,-) 
  float_product_o[0]              -       -      F     (port)         -    -     -     0    2000 -         (-,-) 
#----------------------------------------------------------------------------------------------------------------

