============================================================
  Generated by:           Genus(TM) Synthesis Solution 18.14-s037_1
  Generated on:           May 18 2026  11:48:36 am
  Module:                 float16_multiplier
  Operating conditions:   typical 
  Interconnect mode:      global
  Area mode:              physical library
============================================================

                               
   Gate    Instances    Area            Library          
---------------------------------------------------------
AND2_X1           13    13.832    NangateOpenCellLibrary 
AND2_X2            4     5.320    NangateOpenCellLibrary 
AND2_X4            2     4.788    NangateOpenCellLibrary 
AND3_X1            6     7.980    NangateOpenCellLibrary 
AND3_X2            1     1.596    NangateOpenCellLibrary 
AND3_X4            1     2.926    NangateOpenCellLibrary 
AOI211_X1          1     1.330    NangateOpenCellLibrary 
AOI21_X1          31    32.984    NangateOpenCellLibrary 
AOI21_X2           2     3.724    NangateOpenCellLibrary 
AOI21_X4           1     3.458    NangateOpenCellLibrary 
AOI221_X1          6     9.576    NangateOpenCellLibrary 
AOI22_X1          22    29.260    NangateOpenCellLibrary 
AOI22_X2           1     2.394    NangateOpenCellLibrary 
BUF_X16            2    13.300    NangateOpenCellLibrary 
BUF_X2             1     1.064    NangateOpenCellLibrary 
BUF_X32            1    13.034    NangateOpenCellLibrary 
BUF_X4             1     1.862    NangateOpenCellLibrary 
BUF_X8             2     6.916    NangateOpenCellLibrary 
CLKBUF_X1          3     2.394    NangateOpenCellLibrary 
CLKBUF_X2          4     4.256    NangateOpenCellLibrary 
DFFR_X1           66   351.120    NangateOpenCellLibrary 
FA_X1             53   225.568    NangateOpenCellLibrary 
HA_X1             15    39.900    NangateOpenCellLibrary 
INV_X1           128    68.096    NangateOpenCellLibrary 
INV_X16            3    13.566    NangateOpenCellLibrary 
INV_X2            20    15.960    NangateOpenCellLibrary 
INV_X4            11    14.630    NangateOpenCellLibrary 
INV_X8             1     2.394    NangateOpenCellLibrary 
MUX2_X1           44    81.928    NangateOpenCellLibrary 
NAND2_X1          91    72.618    NangateOpenCellLibrary 
NAND2_X2          20    26.600    NangateOpenCellLibrary 
NAND2_X4           4     9.576    NangateOpenCellLibrary 
NAND3_X1           5     5.320    NangateOpenCellLibrary 
NAND3_X2           1     1.862    NangateOpenCellLibrary 
NAND4_X1           6     7.980    NangateOpenCellLibrary 
NOR2_X1           47    37.506    NangateOpenCellLibrary 
NOR2_X2           10    13.300    NangateOpenCellLibrary 
NOR2_X4            2     4.788    NangateOpenCellLibrary 
NOR3_X1            4     4.256    NangateOpenCellLibrary 
NOR3_X2            1     1.862    NangateOpenCellLibrary 
NOR4_X1            4     5.320    NangateOpenCellLibrary 
OAI211_X1          1     1.330    NangateOpenCellLibrary 
OAI21_X1          36    38.304    NangateOpenCellLibrary 
OAI21_X2           4     7.448    NangateOpenCellLibrary 
OAI21_X4           1     3.458    NangateOpenCellLibrary 
OAI221_X1         16    25.536    NangateOpenCellLibrary 
OAI22_X1          75    99.750    NangateOpenCellLibrary 
OAI22_X2           1     2.394    NangateOpenCellLibrary 
OR2_X1            12    12.768    NangateOpenCellLibrary 
OR2_X2             2     2.660    NangateOpenCellLibrary 
OR4_X1             4     6.384    NangateOpenCellLibrary 
SDFFR_X1          16   106.400    NangateOpenCellLibrary 
XNOR2_X1          73   116.508    NangateOpenCellLibrary 
XNOR2_X2           1     2.660    NangateOpenCellLibrary 
XOR2_X1           11    17.556    NangateOpenCellLibrary 
XOR2_X2            1     2.394    NangateOpenCellLibrary 
---------------------------------------------------------
total            895  1611.694                           


                                         
     Type      Instances   Area   Area % 
-----------------------------------------
sequential            82  457.520   28.4 
inverter             163  114.646    7.1 
buffer                14   42.826    2.7 
logic                636  996.702   61.8 
physical_cells         0    0.000    0.0 
-----------------------------------------
total                895 1611.694  100.0 

