============================================================
  Generated by:           Genus(TM) Synthesis Solution 18.14-s037_1
  Generated on:           May 18 2026  11:48:36 am
  Module:                 float16_multiplier
  Operating conditions:   typical 
  Interconnect mode:      global
  Area mode:              physical library
============================================================


Path 1: MET (1 ps) Setup Check with Pin product_mantissa_raw_reg_reg[19]/CK->D
          Group: clk
     Startpoint: (F) float_b_i[3]
          Clock: (R) clk
       Endpoint: (F) product_mantissa_raw_reg_reg[19]/D
          Clock: (R) clk

                     Capture       Launch     
        Clock Edge:+    1000            0     
        Drv Adjust:+       0            0     
       Src Latency:+       0            0     
       Net Latency:+       0 (I)        0 (I) 
           Arrival:=    1000            0     
                                              
             Setup:-      41                  
     Required Time:=     959                  
      Launch Clock:-       0                  
       Input Delay:-     200                  
         Data Path:-     758                  
             Slack:=       1                  

Exceptions/Constraints:
  input_delay             200             in_del_29_1 

#-------------------------------------------------------------------------------------------------------------------
#           Timing Point             Flags    Arc   Edge   Cell     Fanout Load Trans Delay Arrival Module Instance 
#                                                                          (fF)  (ps)  (ps)   (ps)         Location 
#-------------------------------------------------------------------------------------------------------------------
  float_b_i[3]                       -       -      F     (arrival)      1 11.3   100     0     200 -         (-,-) 
  g4389/Z                            -       A->Z   F     BUF_X16        6 33.2    10    57     257 -         (-,-) 
  mul_84_50_g2776__4547/ZN           -       A1->ZN R     NAND2_X2       1  3.8    10    15     273 -         (-,-) 
  mul_84_50_g2730__1857/ZN           -       A2->ZN F     NAND2_X2       2  7.8    11    19     291 -         (-,-) 
  mul_84_50_g2698/ZN                 -       A->ZN  R     INV_X4        13 25.7    17    26     317 -         (-,-) 
  mul_84_50_g2694__7344/ZN           -       A1->ZN F     NAND2_X2      12 20.3    22    34     351 -         (-,-) 
  mul_84_50_g2643__7118/ZN           -       A1->ZN R     OAI22_X1       1  3.1    37    40     391 -         (-,-) 
  mul_84_50_cdnfadd_007_0__9682/S    -       CI->S  F     FA_X1          1  3.0    16   102     492 -         (-,-) 
  mul_84_50_cdnfadd_007_1__2683/S    -       CI->S  R     FA_X1          2  3.8    16   118     610 -         (-,-) 
  mul_84_50_g2556__7344/ZN           -       A1->ZN R     OR2_X2         2  5.6    10    28     638 -         (-,-) 
  mul_84_50_g2539__1309/ZN           -       A2->ZN F     NAND2_X2       1  3.2     9    14     652 -         (-,-) 
  mul_84_50_g2538__2683/ZN           -       A1->ZN R     NAND2_X2       2  4.4    11    16     668 -         (-,-) 
  mul_84_50_g2523/ZN                 -       A->ZN  F     INV_X1         1  3.0     6    10     678 -         (-,-) 
  mul_84_50_g2517__6083/ZN           -       B1->ZN R     OAI21_X2       2  4.8    22    29     707 -         (-,-) 
  mul_84_50_g2506/ZN                 -       A->ZN  F     INV_X1         1  3.0     8    12     719 -         (-,-) 
  mul_84_50_g2499__6877/ZN           -       B1->ZN R     OAI21_X2       2  4.8    22    30     749 -         (-,-) 
  mul_84_50_g2481__5019/ZN           -       A2->ZN F     NAND2_X1       1  3.2    10    20     769 -         (-,-) 
  mul_84_50_g2479__7344/ZN           -       A1->ZN R     NAND2_X2       2  5.8    12    18     787 -         (-,-) 
  mul_84_50_g2469__5953/ZN           -       A1->ZN F     NAND2_X2       1  3.2     8    13     801 -         (-,-) 
  mul_84_50_g2467__8757/ZN           -       A1->ZN R     NAND2_X2       3  7.8    14    19     820 -         (-,-) 
  mul_84_50_g2464/ZN                 -       A->ZN  F     INV_X2         2  4.0     6     9     829 -         (-,-) 
  mul_84_50_g2460__1309/ZN           -       A1->ZN R     NOR3_X2        1  3.6    28    34     863 -         (-,-) 
  mul_84_50_g2457__4547/ZN           -       A2->ZN F     NOR2_X2        2  4.8    10    15     878 -         (-,-) 
  mul_84_50_g2452__8780/ZN           -       A1->ZN R     NOR2_X1        1  1.9    16    25     903 -         (-,-) 
  mul_84_50_g2445__2703/ZN           -       B1->ZN F     AOI21_X1       1  2.4    10    18     921 -         (-,-) 
  mul_84_50_g2440__5703/ZN           -       A->ZN  F     XNOR2_X1       1  1.4    10    37     958 -         (-,-) 
  product_mantissa_raw_reg_reg[19]/D <<<     -      F     DFFR_X1        1    -     -     0     958 -         (-,-) 
#-------------------------------------------------------------------------------------------------------------------

