============================================================
  Generated by:           Genus(TM) Synthesis Solution 18.14-s037_1
  Generated on:           May 18 2026  11:12:36 am
  Module:                 float16_multiplier
  Operating conditions:   typical 
  Interconnect mode:      global
  Area mode:              physical library
============================================================

                               
   Gate    Instances    Area            Library          
---------------------------------------------------------
AND2_X1           33    35.112    NangateOpenCellLibrary 
AND2_X2           11    14.630    NangateOpenCellLibrary 
AND2_X4            3     7.182    NangateOpenCellLibrary 
AND3_X1            7     9.310    NangateOpenCellLibrary 
AND3_X2            3     4.788    NangateOpenCellLibrary 
AND4_X1            4     6.384    NangateOpenCellLibrary 
AOI21_X1          25    26.600    NangateOpenCellLibrary 
AOI21_X2           1     1.862    NangateOpenCellLibrary 
AOI221_X1          2     3.192    NangateOpenCellLibrary 
AOI221_X2          1     2.926    NangateOpenCellLibrary 
AOI222_X1          9    19.152    NangateOpenCellLibrary 
AOI22_X1          53    70.490    NangateOpenCellLibrary 
AOI22_X2           6    14.364    NangateOpenCellLibrary 
BUF_X1             1     0.798    NangateOpenCellLibrary 
BUF_X16            1     6.650    NangateOpenCellLibrary 
BUF_X2            16    17.024    NangateOpenCellLibrary 
BUF_X4             4     7.448    NangateOpenCellLibrary 
BUF_X8             2     6.916    NangateOpenCellLibrary 
CLKBUF_X1         22    17.556    NangateOpenCellLibrary 
CLKBUF_X2          1     1.064    NangateOpenCellLibrary 
CLKBUF_X3          1     1.330    NangateOpenCellLibrary 
DFFR_X1           81   430.920    NangateOpenCellLibrary 
DFFR_X2            1     5.852    NangateOpenCellLibrary 
FA_X1             43   183.008    NangateOpenCellLibrary 
HA_X1             22    58.520    NangateOpenCellLibrary 
INV_X1           488   259.616    NangateOpenCellLibrary 
INV_X2            89    71.022    NangateOpenCellLibrary 
INV_X4            44    58.520    NangateOpenCellLibrary 
INV_X8             6    14.364    NangateOpenCellLibrary 
MUX2_X1           53    98.686    NangateOpenCellLibrary 
NAND2_X1         284   226.632    NangateOpenCellLibrary 
NAND2_X2          60    79.800    NangateOpenCellLibrary 
NAND2_X4          37    88.578    NangateOpenCellLibrary 
NAND3_X1          24    25.536    NangateOpenCellLibrary 
NAND3_X2           3     5.586    NangateOpenCellLibrary 
NAND3_X4           2     6.916    NangateOpenCellLibrary 
NAND4_X1           5     6.650    NangateOpenCellLibrary 
NOR2_X1          106    84.588    NangateOpenCellLibrary 
NOR2_X2           19    25.270    NangateOpenCellLibrary 
NOR2_X4            3     7.182    NangateOpenCellLibrary 
NOR3_X1            5     5.320    NangateOpenCellLibrary 
NOR3_X2            1     1.862    NangateOpenCellLibrary 
NOR3_X4            2     7.448    NangateOpenCellLibrary 
NOR4_X1            2     2.660    NangateOpenCellLibrary 
OAI211_X1          1     1.330    NangateOpenCellLibrary 
OAI21_X1          50    53.200    NangateOpenCellLibrary 
OAI21_X2           7    13.034    NangateOpenCellLibrary 
OAI221_X1          4     6.384    NangateOpenCellLibrary 
OAI22_X1          68    90.440    NangateOpenCellLibrary 
OAI22_X2           5    11.970    NangateOpenCellLibrary 
OR2_X1            10    10.640    NangateOpenCellLibrary 
OR2_X2             7     9.310    NangateOpenCellLibrary 
OR4_X1             4     6.384    NangateOpenCellLibrary 
XNOR2_X1          91   145.236    NangateOpenCellLibrary 
XNOR2_X2           4    10.640    NangateOpenCellLibrary 
XOR2_X1           26    41.496    NangateOpenCellLibrary 
XOR2_X2            1     2.394    NangateOpenCellLibrary 
---------------------------------------------------------
total           1864  2431.772                           


                                         
     Type      Instances   Area   Area % 
-----------------------------------------
sequential            82  436.772   18.0 
inverter             627  403.522   16.6 
buffer                48   58.786    2.4 
logic               1107 1532.692   63.0 
physical_cells         0    0.000    0.0 
-----------------------------------------
total               1864 2431.772  100.0 

