============================================================
  Generated by:           Genus(TM) Synthesis Solution 18.14-s037_1
  Generated on:           May 18 2026  11:12:35 am
  Module:                 float16_multiplier
  Operating conditions:   typical 
  Interconnect mode:      global
  Area mode:              physical library
============================================================


Path 1: VIOLATED (-49 ps) Setup Check with Pin product_normalizer_inst_normalized_mantissa_reg_reg[20]/CK->D
          Group: clk
     Startpoint: (R) product_mantissa_raw_reg_reg[20]/CK
          Clock: (R) clk
       Endpoint: (F) product_normalizer_inst_normalized_mantissa_reg_reg[20]/D
          Clock: (R) clk

                     Capture       Launch     
        Clock Edge:+    1000            0     
       Src Latency:+       0            0     
       Net Latency:+       0 (I)        0 (I) 
           Arrival:=    1000            0     
                                              
             Setup:-      40                  
     Required Time:=     960                  
      Launch Clock:-       0                  
         Data Path:-    1009                  
             Slack:=     -49                  

#------------------------------------------------------------------------------------------------------------------------------------------
#                          Timing Point                            Flags    Arc   Edge   Cell     Fanout Load Trans Delay Arrival Instance 
#                                                                                                        (fF)  (ps)  (ps)   (ps)  Location 
#------------------------------------------------------------------------------------------------------------------------------------------
  product_mantissa_raw_reg_reg[20]/CK                              -       -      R     (arrival)     82    -     0     -       0    (-,-) 
  product_mantissa_raw_reg_reg[20]/Q                               -       CK->Q  R     DFFR_X1        4  7.5    22   113     113    (-,-) 
  product_normalizer_inst_leading_zero_counter_inst/g1052/ZN       -       A->ZN  F     INV_X2         2  4.3     7    11     124    (-,-) 
  product_normalizer_inst_leading_zero_counter_inst/g1051__4296/ZN -       A1->ZN R     NAND2_X2       1  3.6    10    14     137    (-,-) 
  product_normalizer_inst_leading_zero_counter_inst/g1090/ZN       -       A->ZN  F     INV_X2         1  6.0     6    10     147    (-,-) 
  product_normalizer_inst_leading_zero_counter_inst/g1087__9682/ZN -       A1->ZN R     NAND2_X4       2  5.5     9    12     159    (-,-) 
  product_normalizer_inst_leading_zero_counter_inst/g1086/ZN       -       A->ZN  F     INV_X2         1  3.2     4     7     166    (-,-) 
  product_normalizer_inst_leading_zero_counter_inst/g1084__4547/ZN -       A1->ZN R     NAND2_X2       1  3.4     9    12     179    (-,-) 
  product_normalizer_inst_leading_zero_counter_inst/g1060__1474/ZN -       A1->ZN F     NAND2_X2       2  4.9     8    14     193    (-,-) 
  product_normalizer_inst_leading_zero_counter_inst/g1095__6877/ZN -       A1->ZN R     NAND2_X1       1  3.8    14    19     212    (-,-) 
  product_normalizer_inst_leading_zero_counter_inst/g1094__1309/ZN -       A2->ZN F     NAND2_X2       2  4.9     8    17     229    (-,-) 
  product_normalizer_inst_leading_zero_counter_inst/g1442/ZN       -       A->ZN  R     INV_X1         1  6.5    17    24     253    (-,-) 
  product_normalizer_inst_leading_zero_counter_inst/g1109__7675/ZN -       A2->ZN F     NAND2_X4       2  3.5     6    14     267    (-,-) 
  product_normalizer_inst_leading_zero_counter_inst/g1126__5703/ZN -       A1->ZN R     NAND2_X1       1  7.2    22    26     293    (-,-) 
  product_normalizer_inst_leading_zero_counter_inst/g2/ZN          -       A2->ZN F     NAND3_X4       2  9.1    13    26     319    (-,-) 
  product_normalizer_inst_leading_zero_counter_inst/g1174/ZN       -       A->ZN  R     INV_X4         1  6.3     8    14     334    (-,-) 
  product_normalizer_inst_leading_zero_counter_inst/g1168__5019/ZN -       A1->ZN F     NAND2_X4       1  6.0     6    12     345    (-,-) 
  product_normalizer_inst_leading_zero_counter_inst/g1166__7344/ZN -       A1->ZN R     NAND2_X4       2 10.1    11    15     360    (-,-) 
  product_normalizer_inst_leading_zero_counter_inst/fopt1545/ZN    -       A->ZN  F     INV_X4         1  6.0     4     8     368    (-,-) 
  product_normalizer_inst_leading_zero_counter_inst/g1184__4296/ZN -       A1->ZN R     NAND2_X4       1  6.3     9    12     380    (-,-) 
  product_normalizer_inst_leading_zero_counter_inst/g1182__8780/ZN -       A1->ZN F     NAND2_X4       2  9.1     8    14     394    (-,-) 
  product_normalizer_inst_leading_zero_counter_inst/g1217/ZN       -       A->ZN  R     INV_X4         1  6.3     7    12     406    (-,-) 
  product_normalizer_inst_leading_zero_counter_inst/g1211__2683/ZN -       A1->ZN F     NAND2_X4       1  6.0     6    11     417    (-,-) 
  product_normalizer_inst_leading_zero_counter_inst/g1208__4547/ZN -       A1->ZN R     NAND2_X4       2 10.1    11    15     432    (-,-) 
  product_normalizer_inst_leading_zero_counter_inst/fopt1554/ZN    -       A->ZN  F     INV_X4         1  6.0     4     8     440    (-,-) 
  product_normalizer_inst_leading_zero_counter_inst/g1228__2391/ZN -       A1->ZN R     NAND2_X4       1  6.3     9    12     452    (-,-) 
  product_normalizer_inst_leading_zero_counter_inst/g1226__2900/ZN -       A1->ZN F     NAND2_X4       2  4.9     6    11     463    (-,-) 
  product_normalizer_inst_leading_zero_counter_inst/g1256/ZN       -       A->ZN  R     INV_X2         1  3.4     7    11     474    (-,-) 
  product_normalizer_inst_leading_zero_counter_inst/g1245__5703/ZN -       A1->ZN F     NAND2_X2       1  3.2     6    12     486    (-,-) 
  product_normalizer_inst_leading_zero_counter_inst/g1243__1786/ZN -       A1->ZN R     NAND2_X2       2  5.5    12    16     502    (-,-) 
  product_normalizer_inst_leading_zero_counter_inst/g1273/ZN       -       A->ZN  F     INV_X2         1  3.2     5     8     510    (-,-) 
  product_normalizer_inst_leading_zero_counter_inst/g1268__2250/ZN -       A1->ZN R     NAND2_X2       1  3.4     9    12     522    (-,-) 
  product_normalizer_inst_leading_zero_counter_inst/g1266__5266/ZN -       A1->ZN F     NAND2_X2       2  4.9     8    14     537    (-,-) 
  product_normalizer_inst_leading_zero_counter_inst/g1284__7344/ZN -       A1->ZN R     NAND2_X1       1  3.8    14    19     556    (-,-) 
  product_normalizer_inst_leading_zero_counter_inst/g1283__5795/ZN -       A2->ZN F     NAND2_X2       2  4.9     8    17     573    (-,-) 
  product_normalizer_inst_leading_zero_counter_inst/g1311/ZN       -       A->ZN  R     INV_X2         1  3.4     7    12     585    (-,-) 
  product_normalizer_inst_leading_zero_counter_inst/g1303__8780/ZN -       A1->ZN F     NAND2_X2       1  3.2     6    12     597    (-,-) 
  product_normalizer_inst_leading_zero_counter_inst/g1301__9906/ZN -       A1->ZN R     NAND2_X2       1  3.4     9    13     610    (-,-) 
  product_normalizer_inst_leading_zero_counter_inst/g1321__1474/ZN -       A1->ZN F     NAND2_X2       2  6.3     9    16     626    (-,-) 
  product_normalizer_inst_leading_zero_counter_inst/g1337__6877/ZN -       A1->ZN R     NAND2_X2       1  3.8    10    15     642    (-,-) 
  product_normalizer_inst_leading_zero_counter_inst/g1335__1309/ZN -       A2->ZN F     NAND2_X2       1  6.0    10    17     658    (-,-) 
  product_normalizer_inst_leading_zero_counter_inst/g1355__7675/ZN -       A1->ZN R     NAND2_X4       2  9.6    11    16     675    (-,-) 
  product_normalizer_inst_leading_zero_counter_inst/g1371__5953/ZN -       A1->ZN F     NAND2_X4       1  3.4     6    11     686    (-,-) 
  product_normalizer_inst_leading_zero_counter_inst/g1369__1786/ZN -       A2->ZN R     NAND2_X2       1  6.3    13    19     704    (-,-) 
  product_normalizer_inst_leading_zero_counter_inst/g1389__2250/ZN -       A1->ZN F     NAND2_X4       2  9.3     8    15     719    (-,-) 
  product_normalizer_inst_leading_zero_counter_inst/g1404__5795/ZN -       A1->ZN R     NAND2_X4       1  3.4     7    12     731    (-,-) 
  product_normalizer_inst_leading_zero_counter_inst/g1402__2703/ZN -       A1->ZN F     NAND2_X2       2  6.3     9    15     746    (-,-) 
  product_normalizer_inst_leading_zero_counter_inst/g1431/ZN       -       A->ZN  R     INV_X2         1  3.4     7    13     759    (-,-) 
  product_normalizer_inst_leading_zero_counter_inst/g1424__9906/ZN -       A1->ZN F     NAND2_X2       1  6.0     9    15     774    (-,-) 
  product_normalizer_inst_leading_zero_counter_inst/g1421__5019/ZN -       A1->ZN R     NAND2_X4       3 17.3    15    21     795    (-,-) 
  g1815/Z                                                          -       A->Z   R     BUF_X16       22 45.4    10    27     823    (-,-) 
  product_normalizer_inst_sll_44_42_g1358__5703/Z                  -       S->Z   F     MUX2_X1        2  3.5    12    63     885    (-,-) 
  product_normalizer_inst_sll_44_42_g1316__1309/ZN                 -       A1->ZN R     NAND2_X1       1  2.0    10    17     902    (-,-) 
  product_normalizer_inst_sll_44_42_g1285__2683/ZN                 -       A2->ZN F     NAND2_X1       2  3.5    10    18     920    (-,-) 
  product_normalizer_inst_sll_44_42_g1266__7114/ZN                 -       A1->ZN R     NAND2_X1       1  2.0    10    16     935    (-,-) 
  product_normalizer_inst_sll_44_42_g1224__4547/ZN                 -       A2->ZN F     NAND2_X1       2  3.5    10    18     953    (-,-) 
  product_normalizer_inst_sll_44_42_g1193__1474/ZN                 -       A1->ZN R     NAND2_X1       1  1.9    10    15     968    (-,-) 
  product_normalizer_inst_sll_44_42_g1168__6877/ZN                 -       A1->ZN F     NAND2_X1       1  1.8     7    13     982    (-,-) 
  product_normalizer_inst_sll_44_42_g1143__5703/ZN                 -       A1->ZN R     NAND2_X1       1  2.0    10    14     996    (-,-) 
  product_normalizer_inst_sll_44_42_g1135__7675/ZN                 -       A2->ZN F     NAND2_X1       1  1.4     7    13    1009    (-,-) 
  product_normalizer_inst_normalized_mantissa_reg_reg[20]/D        <<<     -      F     DFFR_X1        1    -     -     0    1009    (-,-) 
#------------------------------------------------------------------------------------------------------------------------------------------

