============================================================
  Generated by:           Genus(TM) Synthesis Solution 18.14-s037_1
  Generated on:           May 18 2026  11:08:14 am
  Module:                 float16_multiplier
  Operating conditions:   typical 
  Interconnect mode:      global
  Area mode:              physical library
============================================================

                               
   Gate    Instances    Area            Library          
---------------------------------------------------------
AND2_X1           67    71.288    NangateOpenCellLibrary 
AND2_X2           36    47.880    NangateOpenCellLibrary 
AND2_X4           14    33.516    NangateOpenCellLibrary 
AND3_X1            9    11.970    NangateOpenCellLibrary 
AND3_X2            1     1.596    NangateOpenCellLibrary 
AND3_X4            1     2.926    NangateOpenCellLibrary 
AND4_X1            2     3.192    NangateOpenCellLibrary 
AND4_X2            1     1.862    NangateOpenCellLibrary 
AOI21_X1          46    48.944    NangateOpenCellLibrary 
AOI21_X2          14    26.068    NangateOpenCellLibrary 
AOI21_X4           6    20.748    NangateOpenCellLibrary 
AOI22_X1          27    35.910    NangateOpenCellLibrary 
AOI22_X2           9    21.546    NangateOpenCellLibrary 
AOI22_X4           1     4.522    NangateOpenCellLibrary 
BUF_X1             5     3.990    NangateOpenCellLibrary 
BUF_X16            2    13.300    NangateOpenCellLibrary 
BUF_X2            28    29.792    NangateOpenCellLibrary 
BUF_X32            4    52.136    NangateOpenCellLibrary 
BUF_X4             4     7.448    NangateOpenCellLibrary 
BUF_X8             2     6.916    NangateOpenCellLibrary 
CLKBUF_X1         29    23.142    NangateOpenCellLibrary 
FA_X1              3    12.768    NangateOpenCellLibrary 
HA_X1              6    15.960    NangateOpenCellLibrary 
INV_X1           734   390.488    NangateOpenCellLibrary 
INV_X16            6    27.132    NangateOpenCellLibrary 
INV_X2           149   118.902    NangateOpenCellLibrary 
INV_X32            7    61.446    NangateOpenCellLibrary 
INV_X4            58    77.140    NangateOpenCellLibrary 
INV_X8            13    31.122    NangateOpenCellLibrary 
MUX2_X1           22    40.964    NangateOpenCellLibrary 
MUX2_X2            2     4.788    NangateOpenCellLibrary 
NAND2_X1         946   754.908    NangateOpenCellLibrary 
NAND2_X2         229   304.570    NangateOpenCellLibrary 
NAND2_X4          52   124.488    NangateOpenCellLibrary 
NAND3_X1          36    38.304    NangateOpenCellLibrary 
NAND3_X2          15    27.930    NangateOpenCellLibrary 
NAND3_X4           7    24.206    NangateOpenCellLibrary 
NAND4_X1           2     2.660    NangateOpenCellLibrary 
NAND4_X2           1     2.394    NangateOpenCellLibrary 
NAND4_X4           2     9.576    NangateOpenCellLibrary 
NOR2_X1          104    82.992    NangateOpenCellLibrary 
NOR2_X2           36    47.880    NangateOpenCellLibrary 
NOR2_X4           16    38.304    NangateOpenCellLibrary 
NOR3_X1            1     1.064    NangateOpenCellLibrary 
NOR4_X1            2     2.660    NangateOpenCellLibrary 
OAI211_X1          6     7.980    NangateOpenCellLibrary 
OAI21_X1          48    51.072    NangateOpenCellLibrary 
OAI21_X2          16    29.792    NangateOpenCellLibrary 
OAI21_X4           2     6.916    NangateOpenCellLibrary 
OAI221_X1          1     1.596    NangateOpenCellLibrary 
OAI22_X1          20    26.600    NangateOpenCellLibrary 
OAI22_X2           6    14.364    NangateOpenCellLibrary 
OR2_X1            19    20.216    NangateOpenCellLibrary 
OR2_X2            10    13.300    NangateOpenCellLibrary 
OR2_X4             3     7.182    NangateOpenCellLibrary 
OR3_X1             1     1.330    NangateOpenCellLibrary 
OR4_X1             4     6.384    NangateOpenCellLibrary 
XNOR2_X1          62    98.952    NangateOpenCellLibrary 
XNOR2_X2          39   103.740    NangateOpenCellLibrary 
XOR2_X1           21    33.516    NangateOpenCellLibrary 
XOR2_X2            3     7.182    NangateOpenCellLibrary 
---------------------------------------------------------
total           3018  3141.460                           


                                         
     Type      Instances   Area   Area % 
-----------------------------------------
inverter             967  706.230   22.5 
buffer                74  136.724    4.4 
logic               1977 2298.506   73.2 
physical_cells         0    0.000    0.0 
-----------------------------------------
total               3018 3141.460  100.0 

