============================================================
  Generated by:           Genus(TM) Synthesis Solution 18.14-s037_1
  Generated on:           May 18 2026  11:08:13 am
  Module:                 float16_multiplier
  Operating conditions:   typical 
  Interconnect mode:      global
  Area mode:              physical library
============================================================


Path 1: VIOLATED (-200 ps) Path Delay Check
     Startpoint: (F) float_b_i[3]
       Endpoint: (R) float_product_o[0]

                   Capture    Launch  
      Path Delay:+    2000         -  
      Drv Adjust:+       0         0  
         Arrival:=    2000            
                                      
   Required Time:=    2000            
       Data Path:-    2200            
           Slack:=    -200            

Exceptions/Constraints:
  max_delay             2000            del_1 

#------------------------------------------------------------------------------------------------------------------------------------------
#                          Timing Point                            Flags    Arc   Edge   Cell     Fanout Load Trans Delay Arrival Instance 
#                                                                                                        (fF)  (ps)  (ps)   (ps)  Location 
#------------------------------------------------------------------------------------------------------------------------------------------
  float_b_i[3]                                                     -       -      F     (arrival)      1 23.9   100     0       0    (-,-) 
  g1672/Z                                                          -       A->Z   F     BUF_X32        8 38.8     9    55      55    (-,-) 
  mul_71_50_g6337/ZN                                               -       A->ZN  R     INV_X2         1  1.9     6    11      66    (-,-) 
  mul_71_50_g6135/ZN                                               -       A1->ZN F     NAND2_X1       1  3.2     9    14      80    (-,-) 
  mul_71_50_g6083/ZN                                               -       A1->ZN R     NAND2_X2       1  6.6    13    19      99    (-,-) 
  mul_71_50_g5912/ZN                                               -       A1->ZN F     NAND3_X4       2  6.3    12    19     118    (-,-) 
  fopt6785/ZN                                                      -       A->ZN  R     INV_X2         6 16.8    22    31     148    (-,-) 
  mul_71_50_g5707/ZN                                               -       B2->ZN F     AOI21_X2       3  5.2    10    20     168    (-,-) 
  mul_71_50_g5669/ZN                                               -       A->ZN  R     INV_X1         2  5.2    14    22     190    (-,-) 
  mul_71_50_g5600/ZN                                               -       A1->ZN F     NAND2_X2       1  3.2     8    14     204    (-,-) 
  mul_71_50_g5539/ZN                                               -       A1->ZN R     NAND2_X2       1  4.3    11    15     219    (-,-) 
  mul_71_50_g5470__2900/ZN                                         -       A->ZN  R     XNOR2_X2       2  8.4    30    43     262    (-,-) 
  mul_71_50_g5279__2683/ZN                                         -       A1->ZN F     NAND2_X2       1  3.2    11    17     279    (-,-) 
  mul_71_50_g5257__5703/ZN                                         -       A1->ZN R     NAND2_X2       3  7.4    14    21     300    (-,-) 
  mul_71_50_g5219/ZN                                               -       A->ZN  F     INV_X2         1  3.4     5     9     308    (-,-) 
  mul_71_50_g5194__8757/ZN                                         -       A2->ZN R     NAND2_X2       2  5.7    12    18     326    (-,-) 
  mul_71_50_g5163__2250/ZN                                         -       A2->ZN F     NAND2_X2       2  3.5     9    14     340    (-,-) 
  mul_71_50_g5157/ZN                                               -       A->ZN  R     INV_X1         1  1.9     8    13     353    (-,-) 
  mul_71_50_g5132__2250/ZN                                         -       A1->ZN F     NAND2_X1       2  3.5    12    16     369    (-,-) 
  mul_71_50_g5092__2703/ZN                                         -       B2->ZN R     AOI21_X1       1  2.0    23    34     403    (-,-) 
  mul_71_50_g5091/ZN                                               -       A->ZN  F     INV_X1         2  3.6     9    14     416    (-,-) 
  mul_71_50_g5056__3772/ZN                                         -       A1->ZN F     AND2_X2        2  4.5     6    28     445    (-,-) 
  mul_71_50_g5028__8757/ZN                                         -       A2->ZN R     NAND3_X2       2  5.2    14    20     464    (-,-) 
  mul_71_50_g5019__1309/ZN                                         -       A1->ZN F     NAND3_X2       1  5.9    15    24     488    (-,-) 
  mul_71_50_g5013__3772/ZN                                         -       A2->ZN R     NAND2_X4       4 11.8    12    23     511    (-,-) 
  mul_71_50_g5002__2250/ZN                                         -       B1->ZN F     AOI21_X2       2  5.4    11    17     528    (-,-) 
  mul_71_50_g4992__7675/ZN                                         -       B1->ZN R     OAI21_X2       1  4.3    20    30     558    (-,-) 
  mul_71_50_g4991__2391/ZN                                         -       A->ZN  R     XNOR2_X2       3  5.8    24    43     601    (-,-) 
  product_normalizer_inst_leading_zero_counter_inst/g1080/ZN       -       A->ZN  F     INV_X2         1  6.0     9    13     613    (-,-) 
  product_normalizer_inst_leading_zero_counter_inst/g1085__9682/ZN -       A1->ZN R     NAND2_X4       1  6.6     9    14     627    (-,-) 
  product_normalizer_inst_leading_zero_counter_inst/fopt1544/ZN    -       A->ZN  F     INV_X4         2  6.3     4     8     635    (-,-) 
  product_normalizer_inst_leading_zero_counter_inst/g1081__4547/ZN -       A1->ZN R     NAND2_X2       1  3.4     9    12     647    (-,-) 
  product_normalizer_inst_leading_zero_counter_inst/g1060__1474/ZN -       A1->ZN F     NAND2_X2       2  4.9     8    14     661    (-,-) 
  product_normalizer_inst_leading_zero_counter_inst/g1092__6877/ZN -       A1->ZN R     NAND2_X1       1  3.8    14    19     681    (-,-) 
  product_normalizer_inst_leading_zero_counter_inst/g1091__1309/ZN -       A2->ZN F     NAND2_X2       2  4.7     8    16     697    (-,-) 
  product_normalizer_inst_leading_zero_counter_inst/g1556/ZN       -       A1->ZN F     OR2_X4         2  4.9     8    40     737    (-,-) 
  product_normalizer_inst_leading_zero_counter_inst/g1125__6083/ZN -       A1->ZN R     NAND2_X1       1  3.8    14    19     756    (-,-) 
  product_normalizer_inst_leading_zero_counter_inst/g1124__2250/ZN -       A2->ZN F     NAND2_X2       2  4.9     8    17     773    (-,-) 
  product_normalizer_inst_leading_zero_counter_inst/fopt1508/ZN    -       A->ZN  R     INV_X1         2  5.8    16    22     795    (-,-) 
  product_normalizer_inst_leading_zero_counter_inst/g1142__5019/ZN -       A2->ZN F     NAND2_X2       2  4.9     8    17     812    (-,-) 
  product_normalizer_inst_leading_zero_counter_inst/g1170/ZN       -       A->ZN  R     INV_X2         1  3.4     7    12     825    (-,-) 
  product_normalizer_inst_leading_zero_counter_inst/g1163__9682/ZN -       A1->ZN F     NAND2_X2       1  3.2     7    12     837    (-,-) 
  product_normalizer_inst_leading_zero_counter_inst/g1160__3772/ZN -       A1->ZN R     NAND2_X2       2  5.5    12    16     853    (-,-) 
  product_normalizer_inst_leading_zero_counter_inst/g1189/ZN       -       A->ZN  F     INV_X2         1  3.2     5     8     861    (-,-) 
  product_normalizer_inst_leading_zero_counter_inst/g1181__6877/ZN -       A1->ZN R     NAND2_X2       1  3.4     9    12     873    (-,-) 
  product_normalizer_inst_leading_zero_counter_inst/g1178__1309/ZN -       A1->ZN F     NAND2_X2       2  4.9     8    14     888    (-,-) 
  product_normalizer_inst_leading_zero_counter_inst/g1198__7118/ZN -       A1->ZN R     NAND2_X1       1  3.8    14    19     907    (-,-) 
  product_normalizer_inst_leading_zero_counter_inst/g1196__7675/ZN -       A2->ZN F     NAND2_X2       2  4.9     8    17     924    (-,-) 
  product_normalizer_inst_leading_zero_counter_inst/fopt1506/ZN    -       A->ZN  R     INV_X2         1  3.4     7    12     936    (-,-) 
  product_normalizer_inst_leading_zero_counter_inst/g1217__5266/ZN -       A1->ZN F     NAND2_X2       1  3.2     7    12     948    (-,-) 
  product_normalizer_inst_leading_zero_counter_inst/g1214__7114/ZN -       A1->ZN R     NAND2_X2       1  3.4    10    14     961    (-,-) 
  product_normalizer_inst_leading_zero_counter_inst/g1234__7344/ZN -       A1->ZN F     NAND2_X2       1  3.2     7    12     974    (-,-) 
  product_normalizer_inst_leading_zero_counter_inst/g1560/ZN       -       A1->ZN R     NAND2_X2       1  6.3    13    17     991    (-,-) 
  product_normalizer_inst_leading_zero_counter_inst/g1265__1474/ZN -       A1->ZN F     NAND2_X4       2  9.3     9    15    1006    (-,-) 
  product_normalizer_inst_leading_zero_counter_inst/g1282__6877/ZN -       A1->ZN R     NAND2_X4       1  3.4     8    12    1018    (-,-) 
  product_normalizer_inst_leading_zero_counter_inst/g1280__1309/ZN -       A1->ZN F     NAND2_X2       1  4.5     8    13    1031    (-,-) 
  product_normalizer_inst_leading_zero_counter_inst/g1307__1786/Z  -       A->Z   F     XOR2_X2        1  2.4    11    50    1081    (-,-) 
  product_normalizer_inst_leading_zero_counter_inst/g1312__5953/ZN -       A->ZN  F     XNOR2_X1       1  2.5    11    40    1121    (-,-) 
  product_normalizer_inst_leading_zero_counter_inst/g1336__6083/Z  -       A->Z   F     XOR2_X1        1  2.4    12    52    1173    (-,-) 
  product_normalizer_inst_leading_zero_counter_inst/g1341__2703/ZN -       A->ZN  F     XNOR2_X1       1  4.1    15    44    1218    (-,-) 
  product_normalizer_inst_leading_zero_counter_inst/g1356__5019/ZN -       A->ZN  F     XNOR2_X2       1  4.5    14    40    1258    (-,-) 
  product_normalizer_inst_leading_zero_counter_inst/g1571/Z        -       A->Z   F     XOR2_X2        1  5.9    13    56    1313    (-,-) 
  product_normalizer_inst_leading_zero_counter_inst/g1570/ZN       -       A1->ZN R     NOR2_X4        2 10.0    19    29    1342    (-,-) 
  fopt7348/ZN                                                      -       A->ZN  F     INV_X4         2 17.0     9    15    1357    (-,-) 
  fopt7346/ZN                                                      -       A->ZN  R     INV_X4         4  8.2     8    14    1371    (-,-) 
  product_normalizer_inst_sll_38_42_g887/Z                         -       S->Z   F     MUX2_X1        2  3.5    12    62    1433    (-,-) 
  product_normalizer_inst_sll_38_42_g832/ZN                        -       A2->ZN R     NAND2_X1       1  2.0    10    19    1452    (-,-) 
  product_normalizer_inst_sll_38_42_g820/ZN                        -       A1->ZN R     AND2_X2        2  5.5    11    33    1485    (-,-) 
  product_normalizer_inst_sll_38_42_g808/ZN                        -       A->ZN  F     INV_X1         1  1.8     5     8    1493    (-,-) 
  product_normalizer_inst_sll_38_42_g785/ZN                        -       A1->ZN R     NAND2_X1       1  1.9    12    13    1506    (-,-) 
  product_normalizer_inst_sll_38_42_g753/ZN                        -       A1->ZN F     NAND2_X1       2  2.9     9    16    1522    (-,-) 
  product_normalizer_inst_sll_38_42_g728/ZN                        -       A1->ZN R     NAND2_X1       1  1.9    11    15    1537    (-,-) 
  product_normalizer_inst_sll_38_42_g695/ZN                        -       A1->ZN F     NAND2_X1       1  1.9     8    13    1550    (-,-) 
  product_normalizer_inst_sll_38_42_g675/ZN                        -       A1->ZN F     AND2_X2        3  6.6     8    30    1580    (-,-) 
  product_normalizer_inst_srl_46_57_spec1_g1364/ZN                 -       A1->ZN R     NAND2_X2       1  3.4    11    14    1594    (-,-) 
  product_normalizer_inst_srl_46_57_spec1_g1323/ZN                 -       A1->ZN F     NAND2_X2       2  4.9     8    15    1609    (-,-) 
  product_normalizer_inst_srl_46_57_spec1_g1294/ZN                 -       A1->ZN R     NAND2_X2       1  3.4    10    14    1623    (-,-) 
  product_normalizer_inst_srl_46_57_spec1_g1266/ZN                 -       A1->ZN F     NAND2_X2       2  3.5     7    13    1636    (-,-) 
  product_normalizer_inst_srl_46_57_spec1_g1219/ZN                 -       A2->ZN R     NAND2_X1       1  2.0    10    17    1653    (-,-) 
  product_normalizer_inst_srl_46_57_spec1_g1207/ZN                 -       A2->ZN R     AND2_X2        1  2.0     7    28    1681    (-,-) 
  fopt6817/ZN                                                      -       A->ZN  F     INV_X1         2  3.5     5    10    1691    (-,-) 
  product_normalizer_inst_srl_46_57_spec1_g1168/ZN                 -       A1->ZN R     NAND2_X1       1  2.0    10    13    1704    (-,-) 
  product_normalizer_inst_srl_46_57_spec1_g1155/ZN                 -       A1->ZN R     AND2_X2        1  3.6     9    30    1734    (-,-) 
  product_normalizer_inst_srl_46_57_spec1_g1141/ZN                 -       A1->ZN F     NOR2_X2        4  7.0     7    11    1745    (-,-) 
  g3271/ZN                                                         -       A->ZN  R     INV_X1         1  3.4    10    16    1761    (-,-) 
  g3179__2900/ZN                                                   -       A1->ZN F     OAI22_X2       2  7.7    15    22    1783    (-,-) 
  g3109__7675/ZN                                                   -       A1->ZN R     NOR2_X4        1  3.2    12    21    1804    (-,-) 
  g3052__1786/ZN                                                   -       A1->ZN F     NAND4_X2       1  3.0    16    24    1828    (-,-) 
  g3048__2391/ZN                                                   -       A1->ZN R     NOR2_X2        1  7.5    25    37    1865    (-,-) 
  g3044__2683/ZN                                                   -       A3->ZN F     NAND3_X4       1  5.9    11    23    1888    (-,-) 
  g3039__1474/ZN                                                   -       A1->ZN R     NOR2_X4        1  6.4    15    24    1912    (-,-) 
  g3038__3772/ZN                                                   -       A4->ZN F     NAND4_X4       1  6.0    17    32    1943    (-,-) 
  g3037__4296/ZN                                                   -       A1->ZN R     NAND2_X4       1  6.6    10    18    1962    (-,-) 
  fopt6894/ZN                                                      -       A->ZN  F     INV_X4         2  7.7     4     8    1970    (-,-) 
  g3018__7344/ZN                                                   -       A1->ZN R     NAND2_X4       2  6.7    10    12    1982    (-,-) 
  g3007_0/ZN                                                       -       B1->ZN F     OAI21_X2       2  7.1    15    18    2000    (-,-) 
  g3002/ZN                                                         -       A->ZN  R     INV_X4         6 14.2    12    21    2021    (-,-) 
  g2985__1840/ZN                                                   -       B1->ZN F     AOI21_X1       1  3.3    10    18    2039    (-,-) 
  g2976__7114/ZN                                                   -       A2->ZN R     AOI22_X2       2  5.4    29    42    2081    (-,-) 
  g2974__5953/ZN                                                   -       A1->ZN F     NOR2_X2        1  5.9    11    14    2095    (-,-) 
  g2972__8757/ZN                                                   -       B2->ZN R     AOI21_X4       2 13.2    29    40    2135    (-,-) 
  g2971__7118/ZN                                                   -       A1->ZN F     NAND3_X4      15 25.2    24    39    2174    (-,-) 
  g2954__7344/ZN                                                   -       B1->ZN R     OAI21_X1       1  0.4    14    26    2200    (-,-) 
  float_product_o[0]                                               -       -      R     (port)         -    -     -     0    2200    (-,-) 
#------------------------------------------------------------------------------------------------------------------------------------------

